<?xml version="1.0" encoding="UTF-8"?>
<testsuites name="jest tests" tests="1" failures="0" errors="0" time="0.898">
  <testsuite name="src/App.test.js" errors="0" failures="0" skipped="0" timestamp="2025-07-25T21:42:56" time="0.472" tests="1">
    <testcase classname="-renders learn Jenkins link" name="-renders learn Jenkins link" time="0.014">
    </testcase>
  </testsuite>
</testsuites>